✖ held key is released on window focus loss (4.178409ms)
ℹ tests 1
ℹ suites 0
ℹ pass 0
ℹ fail 1
ℹ cancelled 0
ℹ skipped 0
ℹ todo 0
ℹ duration_ms 56.659757

✖ failing tests:

test at tests/focus.test.mjs:5:1
✖ held key is released on window focus loss (4.178409ms)
  AssertionError [ERR_ASSERTION]: held key persists after blur
  
  1 !== 0
  
      at TestContext.<anonymous> (file:///workspace/projects/explo/test-threejs/tests/focus.test.mjs:12:50)
      at Test.runInAsyncScope (node:async_hooks:226:14)
      at Test.run (node:internal/test_runner/test:1382:25)
      at Test.start (node:internal/test_runner/test:1242:17)
      at startSubtestAfterBootstrap (node:internal/test_runner/harness:387:17) {
    generatedMessage: false,
    code: 'ERR_ASSERTION',
    actual: 1,
    expected: 0,
    operator: 'strictEqual',
    diff: 'simple'
  }
