✖ opt-in observation returns independent snapshots (4.73134ms)
ℹ tests 1
ℹ suites 0
ℹ pass 0
ℹ fail 1
ℹ cancelled 0
ℹ skipped 0
ℹ todo 0
ℹ duration_ms 994.902405

✖ failing tests:

test at tests/exploration.test.mjs:4:1
✖ opt-in observation returns independent snapshots (4.73134ms)
  AssertionError [ERR_ASSERTION]: observation feature missing
      at TestContext.<anonymous> (file:///workspace/projects/explo/test-threejs/tests/exploration.test.mjs:5:9)
      at Test.runInAsyncScope (node:async_hooks:226:14)
      at Test.run (node:internal/test_runner/test:1382:25)
      at Test.start (node:internal/test_runner/test:1242:17)
      at startSubtestAfterBootstrap (node:internal/test_runner/harness:387:17) {
    generatedMessage: false,
    code: 'ERR_ASSERTION',
    actual: false,
    expected: true,
    operator: '==',
    diff: 'simple'
  }
